job1:
    hooks:
        pre_get_sources_script:
            - echo 'hello job1 pre_get_sources_script'
    script:
        - echo 'hello job1 script'
