docker build:
    only:
        changes:
            - Dockerfile
            - docker/scripts/*
            - dockerfiles/**/*
            - more_scripts/*.{rb,py,sh}
            - '**/*.json'
        refs:
            - branches
    script:
        - docker build -t my-image:$CI_COMMIT_REF_SLUG .