deploy:
    only:
        variables:
            - $RELEASE == "staging"
            - $STAGING
    script:
        - cap staging deploy
