trigger-multi-project-pipeline:
    trigger:
        project: my-group/my-project
        branch: development
