rspec:
    artifacts:
        reports:
            junit: rspec.xml
    script:
        - bundle install
        - rspec --format RspecJunitFormatter --out rspec.xml
    stage: test
