variables:
    DEPLOY_ENVIRONMENT:
        value: staging
        description: The deployment target. Set to 'staging' by default.
        options:
            - production
            - staging
            - canary
        expand: true
