variables:
    DEPLOY_ENVIRONMENT:
        value: staging
        description: The deployment target. Change this variable to 'canary' or 'production' if needed.
        expand: true
