version: 1

options:
  clone:
    depth: 3

stages:
- desc: converted from travis.yml
  name: pipeline
  type: ci
  spec:
    steps:
    - name: install
      type: script
      spec:
        run: bundle install --jobs=3 --retry=3
    - name: script
      type: script
      spec:
        run: rake
