release_job:
    release:
        name: Release $CI_COMMIT_TAG
    stage: release
