kind: pipeline
spec:
  stages:
  - desc: converted from travis.yml
    name: pipeline
    spec:
      cache:
        enabled: true
        paths:
        - /home/travis/.rvm/
      steps:
      - name: install
        spec:
          run: bundle install --jobs=3 --retry=3
        type: script
      - name: script
        spec:
          run: rake
        type: script
    type: ci
version: 1
