kind: pipeline
spec:
  stages:
  - desc: converted from travis.yml
    name: pipeline
    spec:
      cache:
        enabled: true
        paths:
        - ~/R/Library
    type: ci
version: 1
