job:
    secrets:
        DATABASE_PASSWORD:
            vault:
                engine:
                    name: kv-v2
                    path: ops
                path: production/db
                field: password
            file: false