jobs:
  my_first_job:
    name: My first job
  my_second_job:
    name: My second job