deploy-to-production:
    resource_group: production
    script:
        - deploy
