on:
  issues:
    types:
      - opened
      - labeled