on:
  pull_request_target:
    types: [assigned, opened, synchronize, reopened]