on:
  push:
    paths:
      - '**.js'
    paths-ignore:
      - '**.md'