kind: pipeline
spec:
  stages:
  - desc: converted from travis.yml
    name: pipeline
    spec:
      steps:
      - name: install
        spec:
          run: shards install
        type: script
      - name: script
        spec:
          run: crystal spec
        type: script
    type: ci
version: 1
